[teacher] ep 1/100 acc 0.3776 (16s)
[teacher] ep 2/100 acc 0.4417 (34s)
[teacher] ep 3/100 acc 0.4883 (52s)
[teacher] ep 4/100 acc 0.5052 (71s)
[teacher] ep 5/100 acc 0.5528 (90s)
[teacher] ep 6/100 acc 0.5901 (108s)
[teacher] ep 7/100 acc 0.5912 (127s)
[teacher] ep 8/100 acc 0.6306 (147s)
[teacher] ep 9/100 acc 0.6440 (169s)
[teacher] ep 10/100 acc 0.6259 (196s)
[teacher] ep 11/100 acc 0.6652 (224s)
[teacher] ep 12/100 acc 0.6596 (247s)
[teacher] ep 13/100 acc 0.6971 (271s)
[teacher] ep 14/100 acc 0.6932 (293s)
[teacher] ep 15/100 acc 0.6955 (315s)
[teacher] ep 16/100 acc 0.7133 (337s)
[teacher] ep 17/100 acc 0.7203 (359s)
[teacher] ep 18/100 acc 0.7221 (380s)
[teacher] ep 19/100 acc 0.7426 (401s)
[teacher] ep 20/100 acc 0.7513 (422s)
[teacher] ep 21/100 acc 0.7424 (443s)
[teacher] ep 22/100 acc 0.7495 (465s)
[teacher] ep 23/100 acc 0.7434 (488s)
[teacher] ep 24/100 acc 0.7604 (511s)
[teacher] ep 25/100 acc 0.7694 (533s)
[teacher] ep 26/100 acc 0.7760 (556s)
[teacher] ep 27/100 acc 0.7777 (578s)
[teacher] ep 28/100 acc 0.7813 (600s)
[teacher] ep 29/100 acc 0.7833 (621s)
[teacher] ep 30/100 acc 0.7757 (644s)
[teacher] ep 31/100 acc 0.7847 (666s)
[teacher] ep 32/100 acc 0.8033 (689s)
[teacher] ep 33/100 acc 0.8060 (711s)
[teacher] ep 34/100 acc 0.8067 (732s)
[teacher] ep 35/100 acc 0.8073 (753s)
[teacher] ep 36/100 acc 0.8173 (775s)
[teacher] ep 37/100 acc 0.8107 (796s)
[teacher] ep 38/100 acc 0.8179 (817s)
[teacher] ep 39/100 acc 0.8136 (839s)
[teacher] ep 40/100 acc 0.8166 (861s)
[teacher] ep 41/100 acc 0.8125 (882s)
[teacher] ep 42/100 acc 0.8212 (904s)
[teacher] ep 43/100 acc 0.8296 (927s)
[teacher] ep 44/100 acc 0.8176 (949s)
[teacher] ep 45/100 acc 0.8240 (971s)
[teacher] ep 46/100 acc 0.8271 (995s)
[teacher] ep 47/100 acc 0.8311 (1017s)
[teacher] ep 48/100 acc 0.8294 (1038s)
[teacher] ep 49/100 acc 0.8233 (1060s)
[teacher] ep 50/100 acc 0.8341 (1081s)
[teacher] ep 51/100 acc 0.8327 (1104s)
[teacher] ep 52/100 acc 0.8284 (1129s)
[teacher] ep 53/100 acc 0.8354 (1152s)
[teacher] ep 54/100 acc 0.8247 (1177s)
[teacher] ep 55/100 acc 0.8304 (1199s)
[teacher] ep 56/100 acc 0.8333 (1222s)
[teacher] ep 57/100 acc 0.8364 (1244s)
[teacher] ep 58/100 acc 0.8457 (1266s)
[teacher] ep 59/100 acc 0.8381 (1287s)
[teacher] ep 60/100 acc 0.8348 (1309s)
[teacher] ep 61/100 acc 0.8374 (1330s)
[teacher] ep 62/100 acc 0.8405 (1352s)
[teacher] ep 63/100 acc 0.8422 (1374s)
[teacher] ep 64/100 acc 0.8361 (1396s)
[teacher] ep 65/100 acc 0.8442 (1419s)
[teacher] ep 66/100 acc 0.8425 (1441s)
[teacher] ep 67/100 acc 0.8399 (1463s)
[teacher] ep 68/100 acc 0.8422 (1485s)
[teacher] ep 69/100 acc 0.8427 (1507s)
[teacher] ep 70/100 acc 0.8429 (1529s)
[teacher] ep 71/100 acc 0.8465 (1551s)
[teacher] ep 72/100 acc 0.8467 (1575s)
[teacher] ep 73/100 acc 0.8456 (1598s)
[teacher] ep 74/100 acc 0.8499 (1622s)
[teacher] ep 75/100 acc 0.8522 (1646s)
[teacher] ep 76/100 acc 0.8495 (1669s)
[teacher] ep 77/100 acc 0.8486 (1692s)
[teacher] ep 78/100 acc 0.8493 (1714s)
[teacher] ep 79/100 acc 0.8500 (1736s)
[teacher] ep 80/100 acc 0.8492 (1758s)
[teacher] ep 81/100 acc 0.8536 (1782s)
[teacher] ep 82/100 acc 0.8554 (1806s)
[teacher] ep 83/100 acc 0.8540 (1828s)
[teacher] ep 84/100 acc 0.8528 (1852s)
[teacher] ep 85/100 acc 0.8537 (1876s)
[teacher] ep 86/100 acc 0.8549 (1900s)
[teacher] ep 87/100 acc 0.8538 (1924s)
[teacher] ep 88/100 acc 0.8550 (1947s)
[teacher] ep 89/100 acc 0.8547 (1969s)
[teacher] ep 90/100 acc 0.8560 (1992s)
[teacher] ep 91/100 acc 0.8581 (2015s)
[teacher] ep 92/100 acc 0.8566 (2037s)
[teacher] ep 93/100 acc 0.8575 (2059s)
[teacher] ep 94/100 acc 0.8568 (2084s)
[teacher] ep 95/100 acc 0.8577 (2106s)
[teacher] ep 96/100 acc 0.8573 (2128s)
[teacher] ep 97/100 acc 0.8572 (2150s)
[teacher] ep 98/100 acc 0.8565 (2172s)
[teacher] ep 99/100 acc 0.8568 (2194s)
[teacher] ep 100/100 acc 0.8567 (2216s)
[scratch] ep 1/40 acc 0.5272 (2s)
[scratch] ep 2/40 acc 0.6480 (5s)
[scratch] ep 3/40 acc 0.6566 (8s)
[scratch] ep 4/40 acc 0.6934 (11s)
[scratch] ep 5/40 acc 0.7401 (14s)
[scratch] ep 6/40 acc 0.7286 (17s)
[scratch] ep 7/40 acc 0.7559 (20s)
[scratch] ep 8/40 acc 0.7627 (23s)
[scratch] ep 9/40 acc 0.8014 (26s)
[scratch] ep 10/40 acc 0.7858 (29s)
[scratch] ep 11/40 acc 0.7451 (33s)
[scratch] ep 12/40 acc 0.8075 (36s)
[scratch] ep 13/40 acc 0.8229 (39s)
[scratch] ep 14/40 acc 0.7681 (42s)
[scratch] ep 15/40 acc 0.8414 (45s)
[scratch] ep 16/40 acc 0.7961 (48s)
[scratch] ep 17/40 acc 0.8434 (51s)
[scratch] ep 18/40 acc 0.8436 (55s)
[scratch] ep 19/40 acc 0.8366 (57s)
[scratch] ep 20/40 acc 0.8147 (60s)
[scratch] ep 21/40 acc 0.8461 (63s)
[scratch] ep 22/40 acc 0.8286 (66s)
[scratch] ep 23/40 acc 0.8675 (69s)
[scratch] ep 24/40 acc 0.8544 (72s)
[scratch] ep 25/40 acc 0.8386 (75s)
[scratch] ep 26/40 acc 0.8698 (78s)
[scratch] ep 27/40 acc 0.8671 (81s)
[scratch] ep 28/40 acc 0.8702 (84s)
[scratch] ep 29/40 acc 0.8736 (87s)
[scratch] ep 30/40 acc 0.8784 (90s)
[scratch] ep 31/40 acc 0.8874 (93s)
[scratch] ep 32/40 acc 0.8849 (96s)
[scratch] ep 33/40 acc 0.8857 (99s)
[scratch] ep 34/40 acc 0.8927 (103s)
[scratch] ep 35/40 acc 0.8947 (105s)
[scratch] ep 36/40 acc 0.8983 (109s)
[scratch] ep 37/40 acc 0.8990 (112s)
[scratch] ep 38/40 acc 0.9002 (115s)
[scratch] ep 39/40 acc 0.8986 (118s)
[scratch] ep 40/40 acc 0.8999 (121s)
[kd] ep 1/40 acc 0.4810 (8s)
[kd] ep 2/40 acc 0.5765 (16s)
[kd] ep 3/40 acc 0.6604 (25s)
[kd] ep 4/40 acc 0.7098 (34s)
[kd] ep 5/40 acc 0.7183 (43s)
[kd] ep 6/40 acc 0.7308 (52s)
[kd] ep 7/40 acc 0.7668 (61s)
[kd] ep 8/40 acc 0.7992 (69s)
[kd] ep 9/40 acc 0.7905 (78s)
[kd] ep 10/40 acc 0.7509 (87s)
[kd] ep 11/40 acc 0.8010 (95s)
[kd] ep 12/40 acc 0.8270 (104s)
[kd] ep 13/40 acc 0.7918 (112s)
[kd] ep 14/40 acc 0.8307 (121s)
[kd] ep 15/40 acc 0.8297 (129s)
[kd] ep 16/40 acc 0.8369 (138s)
[kd] ep 17/40 acc 0.8378 (146s)
[kd] ep 18/40 acc 0.8312 (155s)
[kd] ep 19/40 acc 0.8441 (163s)
[kd] ep 20/40 acc 0.8487 (172s)
[kd] ep 21/40 acc 0.8379 (180s)
[kd] ep 22/40 acc 0.8507 (189s)
[kd] ep 23/40 acc 0.8505 (197s)
[kd] ep 24/40 acc 0.8348 (206s)
[kd] ep 25/40 acc 0.8544 (214s)
[kd] ep 26/40 acc 0.8612 (223s)
[kd] ep 27/40 acc 0.8692 (231s)
[kd] ep 28/40 acc 0.8686 (240s)
[kd] ep 29/40 acc 0.8666 (249s)
[kd] ep 30/40 acc 0.8690 (259s)
[kd] ep 31/40 acc 0.8733 (267s)
[kd] ep 32/40 acc 0.8770 (276s)
[kd] ep 33/40 acc 0.8714 (284s)
[kd] ep 34/40 acc 0.8829 (293s)
[kd] ep 35/40 acc 0.8812 (301s)
[kd] ep 36/40 acc 0.8861 (310s)
[kd] ep 37/40 acc 0.8874 (318s)
[kd] ep 38/40 acc 0.8885 (327s)
[kd] ep 39/40 acc 0.8887 (335s)
[kd] ep 40/40 acc 0.8897 (344s)
[scratch] ep 1/40 acc 0.5180 (2s)
[scratch] ep 2/40 acc 0.6438 (5s)
[scratch] ep 3/40 acc 0.6966 (8s)
[scratch] ep 4/40 acc 0.7158 (11s)
[scratch] ep 5/40 acc 0.7256 (14s)
[scratch] ep 6/40 acc 0.7380 (17s)
[scratch] ep 7/40 acc 0.8030 (21s)
[scratch] ep 8/40 acc 0.7499 (25s)
[scratch] ep 9/40 acc 0.8172 (28s)
[scratch] ep 10/40 acc 0.8150 (31s)
[scratch] ep 11/40 acc 0.8147 (34s)
[scratch] ep 12/40 acc 0.7642 (37s)
[scratch] ep 13/40 acc 0.7954 (40s)
[scratch] ep 14/40 acc 0.8203 (43s)
[scratch] ep 15/40 acc 0.8292 (46s)
[scratch] ep 16/40 acc 0.8335 (49s)
[scratch] ep 17/40 acc 0.8169 (52s)
[scratch] ep 18/40 acc 0.8219 (55s)
[scratch] ep 19/40 acc 0.8442 (58s)
[scratch] ep 20/40 acc 0.8459 (61s)
[scratch] ep 21/40 acc 0.8216 (64s)
[scratch] ep 22/40 acc 0.8586 (67s)
[scratch] ep 23/40 acc 0.8659 (69s)
[scratch] ep 24/40 acc 0.8609 (72s)
[scratch] ep 25/40 acc 0.8466 (75s)
[scratch] ep 26/40 acc 0.8609 (78s)
[scratch] ep 27/40 acc 0.8643 (81s)
[scratch] ep 28/40 acc 0.8668 (84s)
[scratch] ep 29/40 acc 0.8754 (87s)
[scratch] ep 30/40 acc 0.8740 (90s)
[scratch] ep 31/40 acc 0.8807 (93s)
[scratch] ep 32/40 acc 0.8814 (96s)
[scratch] ep 33/40 acc 0.8847 (99s)
[scratch] ep 34/40 acc 0.8856 (101s)
[scratch] ep 35/40 acc 0.8939 (104s)
[scratch] ep 36/40 acc 0.8957 (107s)
[scratch] ep 37/40 acc 0.8976 (110s)
[scratch] ep 38/40 acc 0.8989 (113s)
[scratch] ep 39/40 acc 0.8976 (116s)
[scratch] ep 40/40 acc 0.8985 (119s)
[kd] ep 1/40 acc 0.4860 (8s)
[kd] ep 2/40 acc 0.6153 (17s)
[kd] ep 3/40 acc 0.6396 (25s)
[kd] ep 4/40 acc 0.6987 (34s)
[kd] ep 5/40 acc 0.7013 (42s)
[kd] ep 6/40 acc 0.6899 (51s)
[kd] ep 7/40 acc 0.7904 (60s)
[kd] ep 8/40 acc 0.7719 (68s)
[kd] ep 9/40 acc 0.7714 (77s)
[kd] ep 10/40 acc 0.8198 (85s)
[kd] ep 11/40 acc 0.8152 (94s)
[kd] ep 12/40 acc 0.8211 (102s)
[kd] ep 13/40 acc 0.8139 (111s)
[kd] ep 14/40 acc 0.8013 (119s)
[kd] ep 15/40 acc 0.7801 (127s)
[kd] ep 16/40 acc 0.8309 (136s)
[kd] ep 17/40 acc 0.8415 (144s)
[kd] ep 18/40 acc 0.8487 (153s)
[kd] ep 19/40 acc 0.8475 (161s)
[kd] ep 20/40 acc 0.8475 (170s)
[kd] ep 21/40 acc 0.8436 (178s)
[kd] ep 22/40 acc 0.8575 (187s)
[kd] ep 23/40 acc 0.8516 (195s)
[kd] ep 24/40 acc 0.8400 (204s)
[kd] ep 25/40 acc 0.8528 (212s)
[kd] ep 26/40 acc 0.8581 (221s)
[kd] ep 27/40 acc 0.8594 (229s)
[kd] ep 28/40 acc 0.8641 (238s)
[kd] ep 29/40 acc 0.8627 (247s)
[kd] ep 30/40 acc 0.8761 (256s)
[kd] ep 31/40 acc 0.8747 (264s)
[kd] ep 32/40 acc 0.8793 (273s)
[kd] ep 33/40 acc 0.8833 (283s)
[kd] ep 34/40 acc 0.8891 (291s)
[kd] ep 35/40 acc 0.8880 (300s)
[kd] ep 36/40 acc 0.8884 (309s)
[kd] ep 37/40 acc 0.8934 (317s)
[kd] ep 38/40 acc 0.8946 (326s)
[kd] ep 39/40 acc 0.8957 (334s)
[kd] ep 40/40 acc 0.8950 (343s)
[scratch] ep 1/40 acc 0.5108 (2s)
[scratch] ep 2/40 acc 0.5715 (5s)
[scratch] ep 3/40 acc 0.6467 (8s)
[scratch] ep 4/40 acc 0.7229 (11s)
[scratch] ep 5/40 acc 0.7392 (14s)
[scratch] ep 6/40 acc 0.7070 (17s)
[scratch] ep 7/40 acc 0.7116 (20s)
[scratch] ep 8/40 acc 0.8074 (23s)
[scratch] ep 9/40 acc 0.8136 (26s)
[scratch] ep 10/40 acc 0.7994 (29s)
[scratch] ep 11/40 acc 0.8053 (32s)
[scratch] ep 12/40 acc 0.8167 (35s)
[scratch] ep 13/40 acc 0.8130 (38s)
[scratch] ep 14/40 acc 0.7997 (41s)
[scratch] ep 15/40 acc 0.8322 (44s)
[scratch] ep 16/40 acc 0.8364 (47s)
[scratch] ep 17/40 acc 0.8196 (50s)
[scratch] ep 18/40 acc 0.8439 (52s)
[scratch] ep 19/40 acc 0.8372 (55s)
[scratch] ep 20/40 acc 0.8297 (58s)
[scratch] ep 21/40 acc 0.8457 (62s)
[scratch] ep 22/40 acc 0.8331 (65s)
[scratch] ep 23/40 acc 0.8558 (68s)
[scratch] ep 24/40 acc 0.8480 (71s)
[scratch] ep 25/40 acc 0.8405 (74s)
[scratch] ep 26/40 acc 0.8551 (77s)
[scratch] ep 27/40 acc 0.8654 (80s)
[scratch] ep 28/40 acc 0.8796 (82s)
[scratch] ep 29/40 acc 0.8798 (85s)
[scratch] ep 30/40 acc 0.8828 (88s)
[scratch] ep 31/40 acc 0.8844 (91s)
[scratch] ep 32/40 acc 0.8783 (94s)
[scratch] ep 33/40 acc 0.8858 (97s)
[scratch] ep 34/40 acc 0.8875 (100s)
[scratch] ep 35/40 acc 0.8882 (103s)
[scratch] ep 36/40 acc 0.8943 (106s)
[scratch] ep 37/40 acc 0.8947 (108s)
[scratch] ep 38/40 acc 0.8956 (111s)
[scratch] ep 39/40 acc 0.8971 (114s)
[scratch] ep 40/40 acc 0.8973 (117s)
[kd] ep 1/40 acc 0.5228 (8s)
[kd] ep 2/40 acc 0.6339 (16s)
[kd] ep 3/40 acc 0.6598 (24s)
[kd] ep 4/40 acc 0.6293 (33s)
[kd] ep 5/40 acc 0.7261 (41s)
[kd] ep 6/40 acc 0.7652 (50s)
[kd] ep 7/40 acc 0.7169 (58s)
[kd] ep 8/40 acc 0.7796 (67s)
[kd] ep 9/40 acc 0.8055 (75s)
[kd] ep 10/40 acc 0.8223 (84s)
[kd] ep 11/40 acc 0.7805 (92s)
[kd] ep 12/40 acc 0.8041 (101s)
[kd] ep 13/40 acc 0.8201 (110s)
[kd] ep 14/40 acc 0.8433 (119s)
[kd] ep 15/40 acc 0.8120 (127s)
[kd] ep 16/40 acc 0.8266 (136s)
[kd] ep 17/40 acc 0.8213 (145s)
[kd] ep 18/40 acc 0.8388 (154s)
[kd] ep 19/40 acc 0.8473 (163s)
[kd] ep 20/40 acc 0.8454 (172s)
[kd] ep 21/40 acc 0.8563 (181s)
[kd] ep 22/40 acc 0.8288 (191s)
[kd] ep 23/40 acc 0.8487 (201s)
[kd] ep 24/40 acc 0.8621 (210s)
[kd] ep 25/40 acc 0.8560 (218s)
[kd] ep 26/40 acc 0.8687 (227s)
[kd] ep 27/40 acc 0.8683 (236s)
[kd] ep 28/40 acc 0.8751 (245s)
[kd] ep 29/40 acc 0.8665 (254s)
[kd] ep 30/40 acc 0.8781 (262s)
[kd] ep 31/40 acc 0.8735 (271s)
[kd] ep 32/40 acc 0.8763 (281s)
[kd] ep 33/40 acc 0.8827 (290s)
[kd] ep 34/40 acc 0.8837 (299s)
[kd] ep 35/40 acc 0.8867 (308s)
[kd] ep 36/40 acc 0.8872 (317s)
[kd] ep 37/40 acc 0.8900 (326s)
[kd] ep 38/40 acc 0.8927 (335s)
[kd] ep 39/40 acc 0.8937 (344s)
[kd] ep 40/40 acc 0.8929 (353s)
/Users/austin/Documents/工作/CSC394申请/kd-legacy-hw/bench.py:33: DeprecationWarning: torch.ao.quantization is deprecated and will be removed in 2.10. 
For migrations of users: 
1. Eager mode quantization (torch.ao.quantization.quantize, torch.ao.quantization.quantize_dynamic), please migrate to use torchao eager mode quantize_ API instead 
2. FX graph mode quantization (torch.ao.quantization.quantize_fx.prepare_fx,torch.ao.quantization.quantize_fx.convert_fx, please migrate to use torchao pt2e quantization API instead (prepare_pt2e, convert_pt2e) 
3. pt2e quantization has been migrated to torchao (https://github.com/pytorch/ao/tree/main/torchao/quantization/pt2e) 
see https://github.com/pytorch/ao/issues/2259 for more details
  torch.ao.quantization.prepare(q, inplace=True)
/Users/austin/Documents/工作/CSC394申请/kd-legacy-hw/bench.py:37: DeprecationWarning: torch.ao.quantization is deprecated and will be removed in 2.10. 
For migrations of users: 
1. Eager mode quantization (torch.ao.quantization.quantize, torch.ao.quantization.quantize_dynamic), please migrate to use torchao eager mode quantize_ API instead 
2. FX graph mode quantization (torch.ao.quantization.quantize_fx.prepare_fx,torch.ao.quantization.quantize_fx.convert_fx, please migrate to use torchao pt2e quantization API instead (prepare_pt2e, convert_pt2e) 
3. pt2e quantization has been migrated to torchao (https://github.com/pytorch/ao/tree/main/torchao/quantization/pt2e) 
see https://github.com/pytorch/ao/issues/2259 for more details
  return torch.ao.quantization.convert(q, inplace=True)
/Users/austin/Documents/工作/CSC394申请/kd-legacy-hw/.venv/lib/python3.14/site-packages/torch/ao/nn/quantized/modules/utils.py:72: UserWarning: torch.quantize_per_tensor, torch.quantize_per_channel and other quantized tensor creation functions that produce tensors with dtype torch.quint8, torch.qint8, and torch.qint32 are deprecated and will be removed in a future PyTorch release. Please see https://github.com/pytorch/pytorch/issues/184982 for more information. (Triggered internally at /Users/runner/work/pytorch/pytorch/aten/src/ATen/quantized/Quantizer.cpp:116.)
  qweight = torch.quantize_per_tensor(
model                                  acc   agree    params     MB  ms(1T,bs1)  unsupported ops
Teacher ViT (FP32)                  85.67% 100.00%   3194634  12.80       1.482  GELU,LayerNorm,MultiheadAttention(softmax)
student_kd_s0 (FP32)                88.97%  83.36%    288746   1.17       0.490  -
student_kd_s0 (INT8)                88.91%  83.25%    288746   0.30       0.864  -
student_kd_s1 (FP32)                89.50%  83.96%    288746   1.17       0.482  -
student_kd_s1 (INT8)                89.50%  83.95%    288746   0.30       0.837  -
student_kd_s2 (FP32)                89.29%  83.79%    288746   1.17       0.480  -
student_kd_s2 (INT8)                89.08%  83.67%    288746   0.30       0.852  -
student_scratch_s0 (FP32)           89.99%  83.81%    288746   1.17       0.494  -
student_scratch_s0 (INT8)           89.93%  83.69%    288746   0.30       0.845  -
student_scratch_s1 (FP32)           89.85%  83.58%    288746   1.17       0.495  -
student_scratch_s1 (INT8)           89.69%  83.45%    288746   0.30       0.840  -
student_scratch_s2 (FP32)           89.73%  83.51%    288746   1.17       0.481  -
student_scratch_s2 (INT8)           89.69%  83.45%    288746   0.30       0.847  -
saved results/kd_legacy.png
